


ARM Macro Assembler    Page 1 


    1 00000000         ;Write a program to subtract two 128 bit numbers
    2 00000000         ; PROGRAM TO SUBTRACT TWO 128-BIT NUMBERS USING INDEXED 
                       ADDRESSING MODE
    3 00000000         ; RESULT = NUM1 - NUM2
    4 00000000         
    5 00000000                 AREA             RESET, DATA, READONLY
    6 00000000                 EXPORT           __Vectors
    7 00000000         
    8 00000000         __Vectors
    9 00000000 10001000        DCD              0x10001000  ; Initial Stack Poi
                                                            nter
   10 00000004 00000000        DCD              Reset_Handler ; Reset vector po
                                                            ints to Reset_Handl
                                                            er
   11 00000008         
   12 00000008                 ALIGN
   13 00000008         
   14 00000008                 AREA             mycode, CODE, READONLY
   15 00000000                 ENTRY
   16 00000000                 EXPORT           Reset_Handler
   17 00000000         
   18 00000000         Reset_Handler
   19 00000000 4817            LDR              R0, =NUM1   ; Base address of 1
                                                            28-bit Minuend (NUM
                                                            1) in CODE segment
   20 00000002 4918            LDR              R1, =NUM2   ; Base address of 1
                                                            28-bit Subtrahend (
                                                            NUM2) in CODE segme
                                                            nt
   21 00000004 4E18            LDR              R6, =DIFF   ; Base address of D
                                                            IFF in DATA segment
                                                            
   22 00000006         
   23 00000006 F04F 0200       MOV              R2, #0      ; Offset index (sta
                                                            rts at 0 bytes)
   24 0000000A         
   25 0000000A         ; --- Word 0: Lowest 32 bits (Bits 0–31) ---
   26 0000000A 5883            LDR              R3, [R0, R2] ; Indexed Mode: Lo
                                                            ad NUM1[0]
   27 0000000C 588C            LDR              R4, [R1, R2] ; Indexed Mode: Lo
                                                            ad NUM2[0]
   28 0000000E 1B1D            SUBS             R5, R3, R4  ; Subtract lowest w
                                                            ords (R5 = R3 - R4)
                                                             and update flags/b
                                                            orrow
   29 00000010 50B5            STR              R5, [R6, R2] ; Store result[0] 
                                                            in DIFF
   30 00000012         
   31 00000012         ; --- Word 1: Bits 32–63 ---
   32 00000012 F102 0204       ADD              R2, R2, #4  ; Advance offset by
                                                             4 bytes (Offset = 
                                                            4)
   33 00000016 5883            LDR              R3, [R0, R2] ; Load NUM1[1]
   34 00000018 588C            LDR              R4, [R1, R2] ; Load NUM2[1]
   35 0000001A EB73 0504       SBCS             R5, R3, R4  ; Subtract with Car
                                                            ry/Borrow (SBCS = R
                                                            3 - R4 - Borrow)
   36 0000001E 50B5            STR              R5, [R6, R2] ; Store result[1] 
                                                            in DIFF



ARM Macro Assembler    Page 2 


   37 00000020         
   38 00000020         ; --- Word 2: Bits 64–95 ---
   39 00000020 F102 0204       ADD              R2, R2, #4  ; Advance offset by
                                                             4 bytes (Offset = 
                                                            8)
   40 00000024 5883            LDR              R3, [R0, R2] ; Load NUM1[2]
   41 00000026 588C            LDR              R4, [R1, R2] ; Load NUM2[2]
   42 00000028 EB73 0504       SBCS             R5, R3, R4  ; Subtract with Car
                                                            ry/Borrow
   43 0000002C 50B5            STR              R5, [R6, R2] ; Store result[2] 
                                                            in DIFF
   44 0000002E         
   45 0000002E         ; --- Word 3: Highest 32 bits (Bits 96–127) ---
   46 0000002E F102 0204       ADD              R2, R2, #4  ; Advance offset by
                                                             4 bytes (Offset = 
                                                            12)
   47 00000032 5883            LDR              R3, [R0, R2] ; Load NUM1[3]
   48 00000034 588C            LDR              R4, [R1, R2] ; Load NUM2[3]
   49 00000036 EB73 0504       SBCS             R5, R3, R4  ; Subtract with Car
                                                            ry/Borrow
   50 0000003A 50B5            STR              R5, [R6, R2] ; Store result[3] 
                                                            in DIFF
   51 0000003C         
   52 0000003C         STOP
   53 0000003C E7FE            B                STOP        ; Freeze execution
   54 0000003E         
   55 0000003E 00 00           ALIGN
   56 00000040         ; 128-bit Number 1 (Minuend) = 0x99999999_88888888_77777
                       777_66666666 (Stored LSB to MSB)
   57 00000040 66666666 
              77777777 
              88888888 
              99999999 NUM1    DCD              0x66666666, 0x77777777, 0x88888
888, 0x99999999
   58 00000050         
   59 00000050         ; 128-bit Number 2 (Subtrahend) = 0x11111111_22222222_33
                       333333_44444444 (Stored LSB to MSB)
   60 00000050 44444444 
              33333333 
              22222222 
              11111111 NUM2    DCD              0x44444444, 0x33333333, 0x22222
222, 0x11111111
   61 00000060         
   62 00000060 00000000 
              00000000 
              00000000         AREA             mydata, DATA, READWRITE
   63 00000000                 ALIGN
   64 00000000         ; Reserve 16 bytes (4 words) for 128-bit result
   65 00000000 00000000 
              00000000 
              00000000 
              00000000 DIFF    DCD              0, 0, 0, 0
   66 00000010         
   67 00000010                 END
Command Line: --debug --xref --cpu=Cortex-M3 --apcs=interwork --depend=lab_3_3.
d -olab_3_3.o -IC:\Keil\ARM\RV31\INC -IC:\Keil\ARM\CMSIS\Include -IC:\Keil\ARM\
Inc\NXP\LPC17xx --predefine="__EVAL SETA 1" --list=lab_3_3.lst lab_3_3.asm



ARM Macro Assembler    Page 1 Alphabetic symbol ordering
Relocatable symbols

RESET 00000000

Symbol: RESET
   Definitions
      At line 5 in file lab_3_3.asm
   Uses
      None
Comment: RESET unused
__Vectors 00000000

Symbol: __Vectors
   Definitions
      At line 8 in file lab_3_3.asm
   Uses
      At line 6 in file lab_3_3.asm
Comment: __Vectors used once
2 symbols



ARM Macro Assembler    Page 1 Alphabetic symbol ordering
Relocatable symbols

NUM1 00000040

Symbol: NUM1
   Definitions
      At line 57 in file lab_3_3.asm
   Uses
      At line 19 in file lab_3_3.asm
Comment: NUM1 used once
NUM2 00000050

Symbol: NUM2
   Definitions
      At line 60 in file lab_3_3.asm
   Uses
      At line 20 in file lab_3_3.asm
Comment: NUM2 used once
Reset_Handler 00000000

Symbol: Reset_Handler
   Definitions
      At line 18 in file lab_3_3.asm
   Uses
      At line 10 in file lab_3_3.asm
      At line 16 in file lab_3_3.asm

STOP 0000003C

Symbol: STOP
   Definitions
      At line 52 in file lab_3_3.asm
   Uses
      At line 53 in file lab_3_3.asm
Comment: STOP used once
mycode 00000000

Symbol: mycode
   Definitions
      At line 14 in file lab_3_3.asm
   Uses
      None
Comment: mycode unused
5 symbols



ARM Macro Assembler    Page 1 Alphabetic symbol ordering
Relocatable symbols

DIFF 00000000

Symbol: DIFF
   Definitions
      At line 65 in file lab_3_3.asm
   Uses
      At line 21 in file lab_3_3.asm
Comment: DIFF used once
mydata 00000000

Symbol: mydata
   Definitions
      At line 62 in file lab_3_3.asm
   Uses
      None
Comment: mydata unused
2 symbols
342 symbols in table
