


ARM Macro Assembler    Page 1 


    1 00000000         ;Write a program to add two 128 bit numbers stored in co
                       de segment and store the result in data segment.
    2 00000000         ;Hint: Use indexed addressing mode.
    3 00000000         
    4 00000000         ; PROGRAM TO ADD TWO 128-BIT NUMBERS USING INDEXED ADDRE
                       SSING MODE
    5 00000000         
    6 00000000                 AREA             RESET, DATA, READONLY
    7 00000000                 EXPORT           __Vectors
    8 00000000         
    9 00000000         __Vectors
   10 00000000 10001000        DCD              0x10001000  ; Stack Pointer
   11 00000004 00000000        DCD              Reset_Handler ; Reset vector
   12 00000008         
   13 00000008                 ALIGN
   14 00000008         
   15 00000008                 AREA             mycode, CODE, READONLY
   16 00000000                 ENTRY
   17 00000000                 EXPORT           Reset_Handler
   18 00000000         
   19 00000000         Reset_Handler
   20 00000000 4817            LDR              R0, =NUM1   ; Base address of 1
                                                            28-bit NUM1 in CODE
                                                             segment
   21 00000002 4918            LDR              R1, =NUM2   ; Base address of 1
                                                            28-bit NUM2 in CODE
                                                             segment
   22 00000004 4E18            LDR              R6, =SUM    ; Base address of S
                                                            UM in DATA segment
   23 00000006         
   24 00000006 F04F 0200       MOV              R2, #0      ; Offset index (sta
                                                            rts at 0 bytes)
   25 0000000A         
   26 0000000A         ; --- Word 0: Lowest 32 bits (Bits 0–31) ---
   27 0000000A 5883            LDR              R3, [R0, R2] ; Indexed Mode: Lo
                                                            ad NUM1[0]
   28 0000000C 588C            LDR              R4, [R1, R2] ; Indexed Mode: Lo
                                                            ad NUM2[0]
   29 0000000E 191D            ADDS             R5, R3, R4  ; Add lowest words 
                                                            and update CARRY fl
                                                            ag
   30 00000010 50B5            STR              R5, [R6, R2] ; Store result[0] 
                                                            in SUM
   31 00000012         
   32 00000012         ; --- Word 1: Bits 32–63 ---
   33 00000012 F102 0204       ADD              R2, R2, #4  ; Advance offset by
                                                             4 bytes (Offset = 
                                                            4)
   34 00000016 5883            LDR              R3, [R0, R2] ; Load NUM1[1]
   35 00000018 588C            LDR              R4, [R1, R2] ; Load NUM2[1]
   36 0000001A EB53 0504       ADCS             R5, R3, R4  ; Add with Carry (A
                                                            DCS = R3 + R4 + Car
                                                            ry)
   37 0000001E 50B5            STR              R5, [R6, R2] ; Store result[1] 
                                                            in SUM
   38 00000020         
   39 00000020         ; --- Word 2: Bits 64–95 ---
   40 00000020 F102 0204       ADD              R2, R2, #4  ; Advance offset by
                                                             4 bytes (Offset = 



ARM Macro Assembler    Page 2 


                                                            8)
   41 00000024 5883            LDR              R3, [R0, R2] ; Load NUM1[2]
   42 00000026 588C            LDR              R4, [R1, R2] ; Load NUM2[2]
   43 00000028 EB53 0504       ADCS             R5, R3, R4  ; Add with Carry
   44 0000002C 50B5            STR              R5, [R6, R2] ; Store result[2] 
                                                            in SUM
   45 0000002E         
   46 0000002E         ; --- Word 3: Highest 32 bits (Bits 96–127) ---
   47 0000002E F102 0204       ADD              R2, R2, #4  ; Advance offset by
                                                             4 bytes (Offset = 
                                                            12)
   48 00000032 5883            LDR              R3, [R0, R2] ; Load NUM1[3]
   49 00000034 588C            LDR              R4, [R1, R2] ; Load NUM2[3]
   50 00000036 EB53 0504       ADCS             R5, R3, R4  ; Add with Carry
   51 0000003A 50B5            STR              R5, [R6, R2] ; Store result[3] 
                                                            in SUM
   52 0000003C         
   53 0000003C         STOP
   54 0000003C E7FE            B                STOP        ; Freeze execution
   55 0000003E         
   56 0000003E 00 00           ALIGN
   57 00000040         ; 128-bit Number 1 = 0x11111111_22222222_33333333_444444
                       44 (Stored LSB to MSB)
   58 00000040 44444444 
              33333333 
              22222222 
              11111111 NUM1    DCD              0x44444444, 0x33333333, 0x22222
222, 0x11111111
   59 00000050         
   60 00000050         ; 128-bit Number 2 = 0x88888888_77777777_66666666_555555
                       55 (Stored LSB to MSB)
   61 00000050 55555555 
              66666666 
              77777777 
              88888888 NUM2    DCD              0x55555555, 0x66666666, 0x77777
777, 0x88888888
   62 00000060         
   63 00000060 00000000 
              00000000 
              00000000         AREA             mydata, DATA, READWRITE
   64 00000000                 ALIGN
   65 00000000         ; Reserve 16 bytes (4 words) for 128-bit result
   66 00000000 00000000 
              00000000 
              00000000 
              00000000 SUM     DCD              0, 0, 0, 0
   67 00000010         
   68 00000010                 END
Command Line: --debug --xref --cpu=Cortex-M3 --apcs=interwork --depend=lab_3_2.
d -olab_3_2.o -IC:\Keil\ARM\RV31\INC -IC:\Keil\ARM\CMSIS\Include -IC:\Keil\ARM\
Inc\NXP\LPC17xx --predefine="__EVAL SETA 1" --list=lab_3_2.lst lab_3_2.asm



ARM Macro Assembler    Page 1 Alphabetic symbol ordering
Relocatable symbols

RESET 00000000

Symbol: RESET
   Definitions
      At line 6 in file lab_3_2.asm
   Uses
      None
Comment: RESET unused
__Vectors 00000000

Symbol: __Vectors
   Definitions
      At line 9 in file lab_3_2.asm
   Uses
      At line 7 in file lab_3_2.asm
Comment: __Vectors used once
2 symbols



ARM Macro Assembler    Page 1 Alphabetic symbol ordering
Relocatable symbols

NUM1 00000040

Symbol: NUM1
   Definitions
      At line 58 in file lab_3_2.asm
   Uses
      At line 20 in file lab_3_2.asm
Comment: NUM1 used once
NUM2 00000050

Symbol: NUM2
   Definitions
      At line 61 in file lab_3_2.asm
   Uses
      At line 21 in file lab_3_2.asm
Comment: NUM2 used once
Reset_Handler 00000000

Symbol: Reset_Handler
   Definitions
      At line 19 in file lab_3_2.asm
   Uses
      At line 11 in file lab_3_2.asm
      At line 17 in file lab_3_2.asm

STOP 0000003C

Symbol: STOP
   Definitions
      At line 53 in file lab_3_2.asm
   Uses
      At line 54 in file lab_3_2.asm
Comment: STOP used once
mycode 00000000

Symbol: mycode
   Definitions
      At line 15 in file lab_3_2.asm
   Uses
      None
Comment: mycode unused
5 symbols



ARM Macro Assembler    Page 1 Alphabetic symbol ordering
Relocatable symbols

SUM 00000000

Symbol: SUM
   Definitions
      At line 66 in file lab_3_2.asm
   Uses
      At line 22 in file lab_3_2.asm
Comment: SUM used once
mydata 00000000

Symbol: mydata
   Definitions
      At line 63 in file lab_3_2.asm
   Uses
      None
Comment: mydata unused
2 symbols
342 symbols in table
