


ARM Macro Assembler    Page 1 


    1 00000000         ; PROGRAM TO SEARCH AN ELEMENT IN AN ARRAY USING LINEAR 
                       SEARCH
    2 00000000         
    3 00000000                 AREA             RESET, DATA, READONLY
    4 00000000                 EXPORT           __Vectors
    5 00000000         
    6 00000000         __Vectors
    7 00000000 10001000        DCD              0x10001000  ; Stack Pointer ini
                                                            tial value
    8 00000004 00000000        DCD              Reset_Handler ; Reset vector po
                                                            inting to execution
                                                             entry point
    9 00000008         
   10 00000008                 ALIGN
   11 00000008         
   12 00000008                 AREA             mycode, CODE, READONLY
   13 00000000                 ENTRY
   14 00000000                 EXPORT           Reset_Handler
   15 00000000         
   16 00000000         Reset_Handler
   17 00000000 4816            LDR              R0, =ARR    ; R0 = Pointer to a
                                                            rray base address
   18 00000002 F04F 010A       MOV              R1, #10     ; R1 = Array size (
                                                            10 elements)
   19 00000006         
   20 00000006 4A16            LDR              R2, =KEY    ; Load address of s
                                                            earch key
   21 00000008 6812            LDR              R2, [R2]    ; R2 = Target value
                                                             to search (e.g., 2
                                                            5)
   22 0000000A         
   23 0000000A F04F 0300       MOV              R3, #0      ; R3 = Index counte
                                                            r (i = 0)
   24 0000000E         
   25 0000000E         SEARCH_LOOP
   26 0000000E 428B            CMP              R3, R1      ; Check if index i 
                                                            == 10 (End of array
                                                            )
   27 00000010 DA09            BGE              NOT_FOUND   ; If i >= 10, eleme
                                                            nt is not present
   28 00000012         
   29 00000012 F850 4023       LDR              R4, [R0, R3, LSL #2] ; R4 = ARR
                                                            [i]  (Base + i * 4)
                                                            
   30 00000016         
   31 00000016 4294            CMP              R4, R2      ; Compare ARR[i] wi
                                                            th target key
   32 00000018 D002            BEQ              ELEMENT_FOUND ; If ARR[i] == KE
                                                            Y, match found!
   33 0000001A         
   34 0000001A F103 0301       ADD              R3, R3, #1  ; i++
   35 0000001E E7F6            B                SEARCH_LOOP ; Repeat loop
   36 00000020         
   37 00000020         ELEMENT_FOUND
   38 00000020 4D10            LDR              R5, =INDEX  ; Load destination 
                                                            RAM address
   39 00000022 602B            STR              R3, [R5]    ; Store found index
                                                             (0-based) into RAM
                                                            



ARM Macro Assembler    Page 2 


   40 00000024 E003            B                STOP
   41 00000026         
   42 00000026         NOT_FOUND
   43 00000026 4D0F            LDR              R5, =INDEX  ; Load destination 
                                                            RAM address
   44 00000028 F04F 36FF       MOV              R6, #-1     ; Store -1 (0xFFFFF
                                                            FFF) for element no
                                                            t found
   45 0000002C 602E            STR              R6, [R5]
   46 0000002E         
   47 0000002E E7FE    STOP    B                STOP        ; Infinite loop to 
                                                            end program
   48 00000030         
   49 00000030                 ALIGN
   50 00000030         ; Data segment in Flash Memory
   51 00000030 00000032 
              00000007 
              00000019 
              00000002 
              00000045 
              00000012 
              00000001 
              00000088 
              00000023 
              0000000F ARR     DCD              50, 7, 25, 2, 69, 18, 1, 136, 3
5, 15 
                                                            ; Array of 10 eleme
                                                            nts
   52 00000058 00000019 
                       KEY     DCD              25          ; Target element to
                                                             search
   53 0000005C         
   54 0000005C 00000000 
              00000000 
              00000000 
              00000000         AREA             mydata, DATA, READWRITE
   55 00000000                 ALIGN
   56 00000000         ; Output location in SRAM (0x10000000)
   57 00000000 00000000 
                       INDEX   DCD              0           ; Space to store in
                                                            dex of found elemen
                                                            t
   58 00000004         
   59 00000004                 END
Command Line: --debug --xref --cpu=Cortex-M3 --apcs=interwork --depend=lab_5_3.
d -olab_5_3.o -IC:\Keil\ARM\RV31\INC -IC:\Keil\ARM\CMSIS\Include -IC:\Keil\ARM\
Inc\NXP\LPC17xx --predefine="__EVAL SETA 1" --list=lab_5_3.lst lab_5_3.asm



ARM Macro Assembler    Page 1 Alphabetic symbol ordering
Relocatable symbols

RESET 00000000

Symbol: RESET
   Definitions
      At line 3 in file lab_5_3.asm
   Uses
      None
Comment: RESET unused
__Vectors 00000000

Symbol: __Vectors
   Definitions
      At line 6 in file lab_5_3.asm
   Uses
      At line 4 in file lab_5_3.asm
Comment: __Vectors used once
2 symbols



ARM Macro Assembler    Page 1 Alphabetic symbol ordering
Relocatable symbols

ARR 00000030

Symbol: ARR
   Definitions
      At line 51 in file lab_5_3.asm
   Uses
      At line 17 in file lab_5_3.asm
Comment: ARR used once
ELEMENT_FOUND 00000020

Symbol: ELEMENT_FOUND
   Definitions
      At line 37 in file lab_5_3.asm
   Uses
      At line 32 in file lab_5_3.asm
Comment: ELEMENT_FOUND used once
KEY 00000058

Symbol: KEY
   Definitions
      At line 52 in file lab_5_3.asm
   Uses
      At line 20 in file lab_5_3.asm
Comment: KEY used once
NOT_FOUND 00000026

Symbol: NOT_FOUND
   Definitions
      At line 42 in file lab_5_3.asm
   Uses
      At line 27 in file lab_5_3.asm
Comment: NOT_FOUND used once
Reset_Handler 00000000

Symbol: Reset_Handler
   Definitions
      At line 16 in file lab_5_3.asm
   Uses
      At line 8 in file lab_5_3.asm
      At line 14 in file lab_5_3.asm

SEARCH_LOOP 0000000E

Symbol: SEARCH_LOOP
   Definitions
      At line 25 in file lab_5_3.asm
   Uses
      At line 35 in file lab_5_3.asm
Comment: SEARCH_LOOP used once
STOP 0000002E

Symbol: STOP
   Definitions
      At line 47 in file lab_5_3.asm
   Uses
      At line 40 in file lab_5_3.asm
      At line 47 in file lab_5_3.asm

mycode 00000000



ARM Macro Assembler    Page 2 Alphabetic symbol ordering
Relocatable symbols


Symbol: mycode
   Definitions
      At line 12 in file lab_5_3.asm
   Uses
      None
Comment: mycode unused
8 symbols



ARM Macro Assembler    Page 1 Alphabetic symbol ordering
Relocatable symbols

INDEX 00000000

Symbol: INDEX
   Definitions
      At line 57 in file lab_5_3.asm
   Uses
      At line 38 in file lab_5_3.asm
      At line 43 in file lab_5_3.asm

mydata 00000000

Symbol: mydata
   Definitions
      At line 54 in file lab_5_3.asm
   Uses
      None
Comment: mydata unused
2 symbols
345 symbols in table
