


ARM Macro Assembler    Page 1 


    1 00000000                 AREA             RESET,DATA,READONLY
    2 00000000                 EXPORT           __Vectors
    3 00000000         
    4 00000000         __Vectors
    5 00000000 10001000        DCD              0x10001000  ;STACK POINTER VALU
                                                            E WHEN STACK IS EMP
                                                            TY
    6 00000004 00000000        DCD              Reset_Handler ;reset vector
    7 00000008         
    8 00000008                 ALIGN
    9 00000008         
   10 00000008                 AREA             mycode,CODE,READONLY
   11 00000000                 ENTRY
   12 00000000                 EXPORT           Reset_Handler
   13 00000000         
   14 00000000         Reset_Handler                        ; Replaced Reset_Ha
                                                            ndler with __main
   15 00000000 480F            LDR              R0, =src1
   16 00000002 4910            LDR              R1, =dst
   17 00000004 F04F 020A       MOV              R2, #10
   18 00000008         
   19 00000008 F850 3B04 
                       L1      LDR              R3, [R0], #4
   20 0000000C F841 3B04       STR              R3, [R1], #4
   21 00000010 1E52            SUBS             R2, R2, #1
   22 00000012 D1F9            BNE              L1
   23 00000014         
   24 00000014 E7FE    stop    B                stop
   25 00000016 00 00 20100123 
              70023021 
              21345678 
              11111111 
              22222222 src1    DCD              0x20100123, 0x70023021, 0x21345
678, 0x11111111, 0x22222222
   26 0000002C AAAAAAAA 
              33333333 
              88888888 
              99999999 
              44444444         DCD              0xAAAAAAAA, 0x33333333, 0x88888
888, 0x99999999, 0x44444444
   27 00000040         
   28 00000040 00000000 
              00000000         AREA             dataseg, DATA, READWRITE
   29 00000000 00000000 
              00000000 
              00000000 
              00000000 
              00000000 
              00000000 
              00000000 
              00000000 
              00000000 
              00000000 dst     DCD              0,0,0,0,0,0,0,0,0,0
   30 00000028         
   31 00000028                 END
Command Line: --debug --xref --cpu=Cortex-M3 --apcs=interwork --depend=lab2_1.d
 -olab2_1.o -IC:\Keil\ARM\RV31\INC -IC:\Keil\ARM\CMSIS\Include -IC:\Keil\ARM\In
c\NXP\LPC17xx --predefine="__EVAL SETA 1" --list=lab2_1.lst lab2_1.asm



ARM Macro Assembler    Page 1 Alphabetic symbol ordering
Relocatable symbols

RESET 00000000

Symbol: RESET
   Definitions
      At line 1 in file lab2_1.asm
   Uses
      None
Comment: RESET unused
__Vectors 00000000

Symbol: __Vectors
   Definitions
      At line 4 in file lab2_1.asm
   Uses
      At line 2 in file lab2_1.asm
Comment: __Vectors used once
2 symbols



ARM Macro Assembler    Page 1 Alphabetic symbol ordering
Relocatable symbols

L1 00000008

Symbol: L1
   Definitions
      At line 19 in file lab2_1.asm
   Uses
      At line 22 in file lab2_1.asm
Comment: L1 used once
Reset_Handler 00000000

Symbol: Reset_Handler
   Definitions
      At line 14 in file lab2_1.asm
   Uses
      At line 6 in file lab2_1.asm
      At line 12 in file lab2_1.asm

mycode 00000000

Symbol: mycode
   Definitions
      At line 10 in file lab2_1.asm
   Uses
      None
Comment: mycode unused
src1 00000018

Symbol: src1
   Definitions
      At line 25 in file lab2_1.asm
   Uses
      At line 15 in file lab2_1.asm
Comment: src1 used once
stop 00000014

Symbol: stop
   Definitions
      At line 24 in file lab2_1.asm
   Uses
      At line 24 in file lab2_1.asm
Comment: stop used once
5 symbols



ARM Macro Assembler    Page 1 Alphabetic symbol ordering
Relocatable symbols

dataseg 00000000

Symbol: dataseg
   Definitions
      At line 28 in file lab2_1.asm
   Uses
      None
Comment: dataseg unused
dst 00000000

Symbol: dst
   Definitions
      At line 29 in file lab2_1.asm
   Uses
      At line 16 in file lab2_1.asm
Comment: dst used once
2 symbols
342 symbols in table
