


ARM Macro Assembler    Page 1 


    1 00000000                 AREA             RESET,DATA,READONLY
    2 00000000                 EXPORT           __Vectors
    3 00000000         
    4 00000000         __Vectors
    5 00000000 10001000        DCD              0x10001000  ;STACK POINTER VALU
                                                            E WHEN STACK IS EMP
                                                            TY
    6 00000004 00000000        DCD              Reset_Handler ;reset vector
    7 00000008         
    8 00000008                 ALIGN
    9 00000008         
   10 00000008                 AREA             mycode,CODE,READONLY
   11 00000000                 ENTRY
   12 00000000                 EXPORT           Reset_Handler
   13 00000000         
   14 00000000         Reset_Handler
   15 00000000 F04F 0010       MOV              R0,#0x10
   16 00000004 4601            MOV              R1,R0
   17 00000006 4806            LDR              R0,=src
   18 00000008 6802            LDR              R2,[R0]
   19 0000000A 4906            LDR              R1,=src2
   20 0000000C 680B            LDR              R3,[R1]
   21 0000000E 441A            ADD              R2,R3
   22 00000010 4C05            LDR              R4,=dst
   23 00000012 6022            STR              R2,[R4]
   24 00000014 E7FE    stop    b                stop
   25 00000016 00 00 12345678 
                       src     DCD              0X12345678
   26 0000001C 23456789 
                       src2    DCD              0X23456789
   27 00000020 00000000 
              00000000 
              00000000         area             mydata,data,readwrite
   28 00000000 70000000 
                       dst     dcd              0X70000000
   29 00000004                 END
Command Line: --debug --xref --cpu=Cortex-M3 --apcs=interwork --depend=proj1.d 
-oproj1.o -IC:\Keil\ARM\RV31\INC -IC:\Keil\ARM\CMSIS\Include -IC:\Keil\ARM\Inc\
NXP\LPC17xx --predefine="__EVAL SETA 1" --list=proj1.lst proj1.asm



ARM Macro Assembler    Page 1 Alphabetic symbol ordering
Relocatable symbols

RESET 00000000

Symbol: RESET
   Definitions
      At line 1 in file proj1.asm
   Uses
      None
Comment: RESET unused
__Vectors 00000000

Symbol: __Vectors
   Definitions
      At line 4 in file proj1.asm
   Uses
      At line 2 in file proj1.asm
Comment: __Vectors used once
2 symbols



ARM Macro Assembler    Page 1 Alphabetic symbol ordering
Relocatable symbols

Reset_Handler 00000000

Symbol: Reset_Handler
   Definitions
      At line 14 in file proj1.asm
   Uses
      At line 6 in file proj1.asm
      At line 12 in file proj1.asm

mycode 00000000

Symbol: mycode
   Definitions
      At line 10 in file proj1.asm
   Uses
      None
Comment: mycode unused
src 00000018

Symbol: src
   Definitions
      At line 25 in file proj1.asm
   Uses
      At line 17 in file proj1.asm
Comment: src used once
src2 0000001C

Symbol: src2
   Definitions
      At line 26 in file proj1.asm
   Uses
      At line 19 in file proj1.asm
Comment: src2 used once
stop 00000014

Symbol: stop
   Definitions
      At line 24 in file proj1.asm
   Uses
      At line 24 in file proj1.asm
Comment: stop used once
5 symbols



ARM Macro Assembler    Page 1 Alphabetic symbol ordering
Relocatable symbols

dst 00000000

Symbol: dst
   Definitions
      At line 28 in file proj1.asm
   Uses
      At line 22 in file proj1.asm
Comment: dst used once
mydata 00000000

Symbol: mydata
   Definitions
      At line 27 in file proj1.asm
   Uses
      None
Comment: mydata unused
2 symbols
342 symbols in table
